date=2026-08-15T12:41:20Z
branch=fix/release-carrier-replay
head=6b65654977f7b41ee9a964f9089a6629fd521d4e
origin_branch_head=6b65654977f7b41ee9a964f9089a6629fd521d4e
worktree_status=?? openspec/changes/codegauge-distribution/qa-evidence/
rustc=rustc 1.97.1 (8bab26f4f 2026-07-14)
cargo=cargo 1.97.1 (c980f4866 2026-06-30)
node=v24.19.0
npm=11.17.0
python=Python 3.14.7
docker=Docker version 29.7.2, build a7dcaa6fdb
actionlint=1.7.12
installed by building from source
built with go1.26.1 compiler for darwin/arm64
shellcheck=version: 0.11.0
release_please=17.6.0
remote_tags=git@github.com: Permission denied (publickey).
fatal: Could not read from remote repository.

Please make sure you have the correct access rights
and the repository exists.
