linux/amd64
linux/arm64
#0 building with "pt-builder" instance using docker-container driver

#1 [internal] load build definition from Dockerfile
#1 transferring dockerfile: 1.30kB 0.0s done
#1 DONE 0.1s

#2 resolve image config for docker-image://docker.io/docker/dockerfile:1.26
#2 DONE 1.1s

#3 docker-image://docker.io/docker/dockerfile:1.26@sha256:ecfaec9ed6d810b56388c508f4121597bfbba70d41a6dfeee4d8cad5f295fc32
#3 resolve docker.io/docker/dockerfile:1.26@sha256:ecfaec9ed6d810b56388c508f4121597bfbba70d41a6dfeee4d8cad5f295fc32 0.1s done
#3 CACHED

#4 [internal] load metadata for docker.io/library/alpine:3.24@sha256:28bd5fe8b56d1bd048e5babf5b10710ebe0bae67db86916198a6eec434943f8b
#4 ...

#5 [internal] load metadata for docker.io/library/rust:1.97.1-alpine@sha256:3c38f3f82c2f3d73da3b38e18d279393a04cb43ddded0e35088a8c3324d40900
#5 DONE 0.5s

#4 [internal] load metadata for docker.io/library/alpine:3.24@sha256:28bd5fe8b56d1bd048e5babf5b10710ebe0bae67db86916198a6eec434943f8b
#4 DONE 0.6s

#6 [internal] load .dockerignore
#6 transferring context: 194B done
#6 DONE 0.1s

#7 [builder 1/6] FROM docker.io/library/rust:1.97.1-alpine@sha256:3c38f3f82c2f3d73da3b38e18d279393a04cb43ddded0e35088a8c3324d40900
#7 resolve docker.io/library/rust:1.97.1-alpine@sha256:3c38f3f82c2f3d73da3b38e18d279393a04cb43ddded0e35088a8c3324d40900 0.0s done
#7 CACHED

#8 [stage-1 1/3] FROM docker.io/library/alpine:3.24@sha256:28bd5fe8b56d1bd048e5babf5b10710ebe0bae67db86916198a6eec434943f8b
#8 resolve docker.io/library/alpine:3.24@sha256:28bd5fe8b56d1bd048e5babf5b10710ebe0bae67db86916198a6eec434943f8b 0.0s done
#8 CACHED

#9 [internal] load build context
#9 transferring context: 109.29kB 0.0s done
#9 DONE 0.1s

#10 [stage-1 2/3] RUN apk add --no-cache tini     && addgroup -S codegauge     && adduser -S -G codegauge -h /nonexistent -s /sbin/nologin codegauge
#10 0.758 (1/1) Installing tini (0.19.0-r3)
#10 0.772 Executing busybox-1.37.0-r31.trigger
#10 0.797 OK: 8219 KiB in 17 packages
#10 DONE 0.9s

#11 [builder 2/6] RUN apk add --no-cache musl-dev gcc
#11 0.767 OK: 198.0 MiB in 31 packages
#11 DONE 0.8s

#12 [builder 3/6] WORKDIR /workspace
#12 DONE 0.1s

#13 [builder 4/6] COPY Cargo.toml Cargo.lock rust-toolchain.toml LICENSE README.md ./
#13 DONE 0.1s

#14 [builder 5/6] COPY crates ./crates
#14 DONE 0.1s

#15 [builder 6/6] RUN cargo build --release --locked --package codegauge-cli --bin codegauge     && test -x target/release/codegauge
#15 0.649 info: syncing channel updates for 1.97.1-x86_64-unknown-linux-musl
#15 1.014 info: latest update on 2026-07-16 for version 1.97.1 (8bab26f4f 2026-07-14)
#15 1.037 info: downloading component clippy
#15 2.631     Updating crates.io index
#15 3.464  Downloading crates ...
#15 3.620   Downloaded dyn-clone v1.0.20
#15 3.635   Downloaded heck v0.5.0
#15 3.637   Downloaded hybrid-array v0.4.14
#15 3.645   Downloaded digest v0.11.3
#15 3.649   Downloaded clap_lex v1.1.0
#15 3.652   Downloaded cpufeatures v0.3.0
#15 3.657   Downloaded ref-cast-impl v1.0.26
#15 3.659   Downloaded ref-cast v1.0.26
#15 3.662   Downloaded itoa v1.0.18
#15 3.664   Downloaded cfg-if v1.0.4
#15 3.665   Downloaded block-buffer v0.12.1
#15 3.666   Downloaded crypto-common v0.2.2
#15 3.667   Downloaded quote v1.0.47
#15 3.670   Downloaded zmij v1.0.23
#15 3.671   Downloaded schemars_derive v1.2.2
#15 3.673   Downloaded serde_derive_internals v0.30.0
#15 3.676   Downloaded anstyle v1.0.14
#15 3.678   Downloaded clap_derive v4.6.4
#15 3.680   Downloaded clap v4.6.6
#15 3.694   Downloaded sha2 v0.11.0
#15 3.698   Downloaded serde_core v1.0.229
#15 3.702   Downloaded proc-macro2 v1.0.107
#15 3.705   Downloaded serde_derive v1.0.229
#15 3.708   Downloaded unicode-ident v1.0.24
#15 3.713   Downloaded schemars v1.2.2
#15 3.728   Downloaded serde v1.0.229
#15 3.732   Downloaded memchr v2.8.3
#15 3.738   Downloaded typenum v1.20.1
#15 3.742   Downloaded serde_json v1.0.151
#15 3.750   Downloaded clap_builder v4.6.6
#15 3.757   Downloaded quick-xml v0.41.0
#15 3.764   Downloaded syn v3.0.3
#15 3.962    Compiling proc-macro2 v1.0.107
#15 3.962    Compiling unicode-ident v1.0.24
#15 3.962    Compiling quote v1.0.47
#15 3.962    Compiling serde_core v1.0.229
#15 3.962    Compiling zmij v1.0.23
#15 3.962    Compiling typenum v1.20.1
#15 3.962    Compiling serde v1.0.229
#15 3.962    Compiling memchr v2.8.3
#15 3.963    Compiling ref-cast v1.0.26
#15 3.963    Compiling serde_json v1.0.151
#15 3.963    Compiling itoa v1.0.18
#15 3.963    Compiling dyn-clone v1.0.20
#15 6.686    Compiling cpufeatures v0.3.0
#15 7.330    Compiling cfg-if v1.0.4
#15 7.437    Compiling anstyle v1.0.14
#15 7.573    Compiling clap_lex v1.1.0
#15 7.611    Compiling heck v0.5.0
#15 8.176    Compiling quick-xml v0.41.0
#15 8.459    Compiling hybrid-array v0.4.14
#15 9.938    Compiling clap_builder v4.6.6
#15 11.83    Compiling crypto-common v0.2.2
#15 11.83    Compiling block-buffer v0.12.1
#15 14.76    Compiling digest v0.11.3
#15 16.07    Compiling syn v3.0.3
#15 17.11    Compiling sha2 v0.11.0
#15 22.13    Compiling serde_derive_internals v0.30.0
#15 23.79    Compiling ref-cast-impl v1.0.26
#15 25.20    Compiling serde_derive v1.0.229
#15 25.36    Compiling schemars_derive v1.2.2
#15 25.74    Compiling clap_derive v4.6.4
#15 30.82    Compiling clap v4.6.6
#15 34.25    Compiling schemars v1.2.2
#15 37.73    Compiling codegauge-model v0.2.0 (/workspace/crates/codegauge-model)
#15 40.05    Compiling codegauge-core v0.2.0 (/workspace/crates/codegauge-core)
#15 41.79    Compiling codegauge-application v0.2.0 (/workspace/crates/codegauge-application)
#15 44.28    Compiling codegauge-provider-jacoco v0.2.0 (/workspace/crates/codegauge-provider-jacoco)
#15 50.08    Compiling codegauge-cli v0.2.0 (/workspace/crates/codegauge-cli)
#15 55.74     Finished `release` profile [optimized] target(s) in 53.61s
#15 DONE 55.9s

#16 [stage-1 3/3] COPY --from=builder /workspace/target/release/codegauge /usr/local/bin/codegauge
#16 DONE 0.1s

#17 exporting to oci image format
#17 exporting layers
#17 exporting layers 0.2s done
#17 exporting manifest sha256:2078e45307582cc5f895403d0574b496551192b01be3277f780d037e37f632d5 0.0s done
#17 exporting config sha256:a89818fee4f6d05d3f3d95139f7143dc20e2baa7fe122ae90882bf66e74dc70e 0.0s done
#17 sending tarball 0.1s done
#17 DONE 0.3s

#18 exporting to docker image format
#18 exporting layers 0.2s done
#18 exporting manifest sha256:2078e45307582cc5f895403d0574b496551192b01be3277f780d037e37f632d5 0.0s done
#18 exporting config sha256:a89818fee4f6d05d3f3d95139f7143dc20e2baa7fe122ae90882bf66e74dc70e done
#18 sending tarball 0.1s done
#18 DONE 0.3s

#19 resolving provenance for metadata file
#19 DONE 0.0s
Loaded image: codegauge-oci-amd64:6b65654977f7b41ee9a964f9089a6629fd521d4e
OCI EVIDENCE: PASS: oci-evidence/amd64.json
#0 building with "pt-builder" instance using docker-container driver

#1 [internal] load build definition from Dockerfile
#1 transferring dockerfile: 1.30kB done
#1 DONE 0.0s

#2 resolve image config for docker-image://docker.io/docker/dockerfile:1.26
#2 DONE 0.5s

#3 docker-image://docker.io/docker/dockerfile:1.26@sha256:ecfaec9ed6d810b56388c508f4121597bfbba70d41a6dfeee4d8cad5f295fc32
#3 resolve docker.io/docker/dockerfile:1.26@sha256:ecfaec9ed6d810b56388c508f4121597bfbba70d41a6dfeee4d8cad5f295fc32 0.0s done
#3 CACHED

#4 [internal] load metadata for docker.io/library/alpine:3.24@sha256:28bd5fe8b56d1bd048e5babf5b10710ebe0bae67db86916198a6eec434943f8b
#4 DONE 0.1s

#5 [internal] load metadata for docker.io/library/rust:1.97.1-alpine@sha256:3c38f3f82c2f3d73da3b38e18d279393a04cb43ddded0e35088a8c3324d40900
#5 DONE 0.1s

#6 [internal] load .dockerignore
#6 transferring context: 194B done
#6 DONE 0.0s

#7 [builder 1/6] FROM docker.io/library/rust:1.97.1-alpine@sha256:3c38f3f82c2f3d73da3b38e18d279393a04cb43ddded0e35088a8c3324d40900
#7 resolve docker.io/library/rust:1.97.1-alpine@sha256:3c38f3f82c2f3d73da3b38e18d279393a04cb43ddded0e35088a8c3324d40900 0.0s done
#7 CACHED

#8 [internal] load build context
#8 transferring context: 2.50kB done
#8 DONE 0.0s

#9 [stage-1 1/3] FROM docker.io/library/alpine:3.24@sha256:28bd5fe8b56d1bd048e5babf5b10710ebe0bae67db86916198a6eec434943f8b
#9 resolve docker.io/library/alpine:3.24@sha256:28bd5fe8b56d1bd048e5babf5b10710ebe0bae67db86916198a6eec434943f8b 0.1s done
#9 CACHED

#10 [stage-1 2/3] RUN apk add --no-cache tini     && addgroup -S codegauge     && adduser -S -G codegauge -h /nonexistent -s /sbin/nologin codegauge
#10 0.494 (1/1) Installing tini (0.19.0-r3)
#10 ...

#11 [builder 2/6] RUN apk add --no-cache musl-dev gcc
#11 0.570 OK: 174.4 MiB in 31 packages
#11 DONE 0.6s

#10 [stage-1 2/3] RUN apk add --no-cache tini     && addgroup -S codegauge     && adduser -S -G codegauge -h /nonexistent -s /sbin/nologin codegauge
#10 0.535 Executing busybox-1.37.0-r31.trigger
#10 0.541 OK: 8500 KiB in 17 packages
#10 DONE 0.6s

#12 [builder 3/6] WORKDIR /workspace
#12 DONE 0.1s

#13 [builder 4/6] COPY Cargo.toml Cargo.lock rust-toolchain.toml LICENSE README.md ./
#13 DONE 0.1s

#14 [builder 5/6] COPY crates ./crates
#14 DONE 0.1s

#15 [builder 6/6] RUN cargo build --release --locked --package codegauge-cli --bin codegauge     && test -x target/release/codegauge
#15 0.517 info: syncing channel updates for 1.97.1-aarch64-unknown-linux-musl
#15 0.753 info: latest update on 2026-07-16 for version 1.97.1 (8bab26f4f 2026-07-14)
#15 0.767 info: downloading component clippy
#15 2.921     Updating crates.io index
#15 3.991  Downloading crates ...
#15 4.274   Downloaded anstyle v1.0.14
#15 4.285   Downloaded serde_derive v1.0.229
#15 4.295   Downloaded cfg-if v1.0.4
#15 4.299   Downloaded dyn-clone v1.0.20
#15 4.302   Downloaded heck v0.5.0
#15 4.304   Downloaded block-buffer v0.12.1
#15 4.308   Downloaded ref-cast-impl v1.0.26
#15 4.309   Downloaded clap_lex v1.1.0
#15 4.312   Downloaded cpufeatures v0.3.0
#15 4.314   Downloaded itoa v1.0.18
#15 4.315   Downloaded crypto-common v0.2.2
#15 4.316   Downloaded ref-cast v1.0.26
#15 4.320   Downloaded quote v1.0.47
#15 4.322   Downloaded serde_derive_internals v0.30.0
#15 4.325   Downloaded zmij v1.0.23
#15 4.327   Downloaded clap_derive v4.6.4
#15 4.328   Downloaded digest v0.11.3
#15 4.330   Downloaded hybrid-array v0.4.14
#15 4.331   Downloaded sha2 v0.11.0
#15 4.334   Downloaded schemars_derive v1.2.2
#15 4.335   Downloaded unicode-ident v1.0.24
#15 4.337   Downloaded clap v4.6.6
#15 4.344   Downloaded proc-macro2 v1.0.107
#15 4.347   Downloaded serde_core v1.0.229
#15 4.352   Downloaded serde v1.0.229
#15 4.352   Downloaded memchr v2.8.3
#15 4.356   Downloaded schemars v1.2.2
#15 4.370   Downloaded typenum v1.20.1
#15 4.372   Downloaded serde_json v1.0.151
#15 4.379   Downloaded clap_builder v4.6.6
#15 4.385   Downloaded quick-xml v0.41.0
#15 4.391   Downloaded syn v3.0.3
#15 4.402   Downloaded libc v0.2.189
#15 4.477    Compiling proc-macro2 v1.0.107
#15 4.477    Compiling quote v1.0.47
#15 4.477    Compiling unicode-ident v1.0.24
#15 4.477    Compiling serde_core v1.0.229
#15 4.477    Compiling zmij v1.0.23
#15 4.477    Compiling memchr v2.8.3
#15 4.477    Compiling serde_json v1.0.151
#15 4.477    Compiling serde v1.0.229
#15 4.477    Compiling ref-cast v1.0.26
#15 4.477    Compiling typenum v1.20.1
#15 4.477    Compiling libc v0.2.189
#15 4.477    Compiling itoa v1.0.18
#15 4.952    Compiling dyn-clone v1.0.20
#15 5.075    Compiling cfg-if v1.0.4
#15 5.118    Compiling heck v0.5.0
#15 5.150    Compiling anstyle v1.0.14
#15 5.299    Compiling clap_lex v1.1.0
#15 5.457    Compiling clap_builder v4.6.6
#15 5.470    Compiling quick-xml v0.41.0
#15 6.000    Compiling hybrid-array v0.4.14
#15 6.198    Compiling syn v3.0.3
#15 6.539    Compiling crypto-common v0.2.2
#15 6.540    Compiling block-buffer v0.12.1
#15 6.618    Compiling cpufeatures v0.3.0
#15 7.258    Compiling digest v0.11.3
#15 7.383    Compiling sha2 v0.11.0
#15 8.737    Compiling serde_derive_internals v0.30.0
#15 10.36    Compiling serde_derive v1.0.229
#15 10.37    Compiling ref-cast-impl v1.0.26
#15 10.45    Compiling schemars_derive v1.2.2
#15 10.52    Compiling clap_derive v4.6.4
#15 12.13    Compiling clap v4.6.6
#15 13.47    Compiling schemars v1.2.2
#15 14.43    Compiling codegauge-model v0.2.0 (/workspace/crates/codegauge-model)
#15 14.94    Compiling codegauge-core v0.2.0 (/workspace/crates/codegauge-core)
#15 14.99    Compiling codegauge-application v0.2.0 (/workspace/crates/codegauge-application)
#15 15.46    Compiling codegauge-provider-jacoco v0.2.0 (/workspace/crates/codegauge-provider-jacoco)
#15 18.48    Compiling codegauge-cli v0.2.0 (/workspace/crates/codegauge-cli)
#15 19.78     Finished `release` profile [optimized] target(s) in 16.95s
#15 DONE 20.0s

#16 [stage-1 3/3] COPY --from=builder /workspace/target/release/codegauge /usr/local/bin/codegauge
#16 DONE 0.1s

#17 exporting to oci image format
#17 exporting layers
#17 exporting layers 0.2s done
#17 exporting manifest sha256:8e517a4d250d348a7db19836347f26f02df636dc2b646731a1be395218119020
#17 exporting manifest sha256:8e517a4d250d348a7db19836347f26f02df636dc2b646731a1be395218119020 0.0s done
#17 exporting config sha256:3171c4f85b83a223b81850450015b88e712050f845edcd639f4a00c4531dd4c7 done
#17 sending tarball 0.1s done
#17 DONE 0.3s

#18 exporting to docker image format
#18 exporting layers 0.2s done
#18 exporting manifest sha256:8e517a4d250d348a7db19836347f26f02df636dc2b646731a1be395218119020 0.0s done
#18 exporting config sha256:3171c4f85b83a223b81850450015b88e712050f845edcd639f4a00c4531dd4c7 done
#18 sending tarball 0.1s done
#18 DONE 0.3s

#19 resolving provenance for metadata file
#19 DONE 0.0s
Loaded image: codegauge-oci-arm64:6b65654977f7b41ee9a964f9089a6629fd521d4e
OCI EVIDENCE: PASS: oci-evidence/arm64.json
EXIT_STATUS=0
