## fix/release-carrier-private-patch-context...origin/main [ahead 1]
 M openspec/changes/codegauge-distribution/apply-progress.md
 M openspec/changes/codegauge-distribution/design.md
 M openspec/changes/codegauge-distribution/qa-report.md
 M openspec/changes/codegauge-distribution/specs/release-artifacts/spec.md
 M openspec/changes/codegauge-distribution/state.yaml
 M openspec/changes/codegauge-distribution/tasks.md
 M openspec/changes/codegauge-distribution/verify-report.md
 M scripts/verify_release_provenance.py
 M tests/release_carrier_tests.py
?? openspec/changes/codegauge-distribution/qa-evidence/2026-08-15-replay/phase-13-verify-api-file-list.json
?? openspec/changes/codegauge-distribution/qa-evidence/2026-08-15-replay/phase-13-verify-summary.md
?? openspec/changes/codegauge-distribution/qa-evidence/2026-08-15-replay/phase-14-qa-archive-structural.json
?? openspec/changes/codegauge-distribution/qa-evidence/2026-08-15-replay/phase-14-qa-archive-structural.log
?? openspec/changes/codegauge-distribution/qa-evidence/2026-08-15-replay/phase-14-qa-cargo-package.log
?? openspec/changes/codegauge-distribution/qa-evidence/2026-08-15-replay/phase-14-qa-cargo.log
?? openspec/changes/codegauge-distribution/qa-evidence/2026-08-15-replay/phase-14-qa-dry-run-gh-calls.log
?? openspec/changes/codegauge-distribution/qa-evidence/2026-08-15-replay/phase-14-qa-dry-run-plan.json
?? openspec/changes/codegauge-distribution/qa-evidence/2026-08-15-replay/phase-14-qa-dry-run-summary.md
?? openspec/changes/codegauge-distribution/qa-evidence/2026-08-15-replay/phase-14-qa-dry-run.log
?? openspec/changes/codegauge-distribution/qa-evidence/2026-08-15-replay/phase-14-qa-final-status.log
?? openspec/changes/codegauge-distribution/qa-evidence/2026-08-15-replay/phase-14-qa-focused.log
?? openspec/changes/codegauge-distribution/qa-evidence/2026-08-15-replay/phase-14-qa-npm-negative-matrix.json
?? openspec/changes/codegauge-distribution/qa-evidence/2026-08-15-replay/phase-14-qa-npm-pack-base.log
?? openspec/changes/codegauge-distribution/qa-evidence/2026-08-15-replay/phase-14-qa-npm-pack-darwin-arm64.log
?? openspec/changes/codegauge-distribution/qa-evidence/2026-08-15-replay/phase-14-qa-npm-pack-darwin-x64.log
?? openspec/changes/codegauge-distribution/qa-evidence/2026-08-15-replay/phase-14-qa-npm-pack-linux-arm64.log
?? openspec/changes/codegauge-distribution/qa-evidence/2026-08-15-replay/phase-14-qa-npm-pack-linux-x64.log
?? openspec/changes/codegauge-distribution/qa-evidence/2026-08-15-replay/phase-14-qa-npm-pack-win32-arm64.log
?? openspec/changes/codegauge-distribution/qa-evidence/2026-08-15-replay/phase-14-qa-npm-pack-win32-x64.log
?? openspec/changes/codegauge-distribution/qa-evidence/2026-08-15-replay/phase-14-qa-npm-wrapper.log
?? openspec/changes/codegauge-distribution/qa-evidence/2026-08-15-replay/phase-14-qa-oci.log
?? openspec/changes/codegauge-distribution/qa-evidence/2026-08-15-replay/phase-14-qa-pr59-files-api.json
?? openspec/changes/codegauge-distribution/qa-evidence/2026-08-15-replay/phase-14-qa-pr59-files-api.log
?? openspec/changes/codegauge-distribution/qa-evidence/2026-08-15-replay/phase-14-qa-workflow-diagnostics.log
openspec/changes/codegauge-distribution/apply-progress.md
openspec/changes/codegauge-distribution/design.md
openspec/changes/codegauge-distribution/qa-report.md
openspec/changes/codegauge-distribution/specs/release-artifacts/spec.md
openspec/changes/codegauge-distribution/state.yaml
openspec/changes/codegauge-distribution/tasks.md
openspec/changes/codegauge-distribution/verify-report.md
scripts/verify_release_provenance.py
tests/release_carrier_tests.py
--- local tags ---
--- diff check ---
EXIT_STATUS=0
