{
  "file_count": 31,
  "validation": "PASS",
  "filenames": [
    ".release-please-manifest.json",
    "Cargo.lock",
    "Cargo.toml",
    "README.md",
    "crates/codegauge-application/CHANGELOG.md",
    "crates/codegauge-application/Cargo.toml",
    "crates/codegauge-cli/CHANGELOG.md",
    "crates/codegauge-cli/Cargo.toml",
    "crates/codegauge-conformance/Cargo.toml",
    "crates/codegauge-core/CHANGELOG.md",
    "crates/codegauge-core/Cargo.toml",
    "crates/codegauge-model/CHANGELOG.md",
    "crates/codegauge-model/Cargo.toml",
    "crates/codegauge-model/tests/contracts.rs",
    "crates/codegauge-provider-jacoco/CHANGELOG.md",
    "crates/codegauge-provider-jacoco/Cargo.toml",
    "npm/codegauge/CHANGELOG.md",
    "npm/codegauge/package.json",
    "npm/packages/codegauge-darwin-arm64/CHANGELOG.md",
    "npm/packages/codegauge-darwin-arm64/package.json",
    "npm/packages/codegauge-darwin-x64/CHANGELOG.md",
    "npm/packages/codegauge-darwin-x64/package.json",
    "npm/packages/codegauge-linux-arm64-gnu/CHANGELOG.md",
    "npm/packages/codegauge-linux-arm64-gnu/package.json",
    "npm/packages/codegauge-linux-x64-gnu/CHANGELOG.md",
    "npm/packages/codegauge-linux-x64-gnu/package.json",
    "npm/packages/codegauge-win32-arm64-msvc/CHANGELOG.md",
    "npm/packages/codegauge-win32-arm64-msvc/package.json",
    "npm/packages/codegauge-win32-x64-msvc/CHANGELOG.md",
    "npm/packages/codegauge-win32-x64-msvc/package.json",
    "tests/golden/valid-methods.json"
  ],
  "base_npm_counts": {
    "additions": 10,
    "deletions": 8,
    "changes": 18
  },
  "base_npm_patch_lines": [
    "@@ -1,20 +1,22 @@",
    " {",
    "   \"name\": \"@yacosta738/codegauge\",",
    "-  \"version\": \"0.1.0\",",
    "+  \"version\": \"0.2.0\",",
    "   \"description\": \"CodeGauge deterministic JaCoCo evidence CLI wrapper\",",
    "   \"license\": \"MIT\",",
    "   \"repository\": \"yacosta738/codegauge\",",
    "   \"bin\": {",
    "     \"codegauge\": \"dist/index.js\"",
    "   },",
    "-  \"files\": [\"dist/index.js\"],",
    "+  \"files\": [",
    "+    \"dist/index.js\"",
    "+  ],",
    "   \"optionalDependencies\": {",
    "-    \"@yacosta738/codegauge-linux-x64-gnu\": \"0.1.0\",",
    "-    \"@yacosta738/codegauge-linux-arm64-gnu\": \"0.1.0\",",
    "-    \"@yacosta738/codegauge-darwin-x64\": \"0.1.0\",",
    "-    \"@yacosta738/codegauge-darwin-arm64\": \"0.1.0\",",
    "-    \"@yacosta738/codegauge-win32-x64-msvc\": \"0.1.0\",",
    "-    \"@yacosta738/codegauge-win32-arm64-msvc\": \"0.1.0\"",
    "+    \"@yacosta738/codegauge-linux-x64-gnu\": \"0.2.0\",",
    "+    \"@yacosta738/codegauge-linux-arm64-gnu\": \"0.2.0\",",
    "+    \"@yacosta738/codegauge-darwin-x64\": \"0.2.0\",",
    "+    \"@yacosta738/codegauge-darwin-arm64\": \"0.2.0\",",
    "+    \"@yacosta738/codegauge-win32-x64-msvc\": \"0.2.0\",",
    "+    \"@yacosta738/codegauge-win32-arm64-msvc\": \"0.2.0\"",
    "   },",
    "   \"scripts\": {",
    "     \"build\": \"tsc --outDir dist --rootDir src\","
  ],
  "private_counts": {
    "additions": 4,
    "deletions": 4,
    "changes": 8
  }
}
