=== npm typecheck ===

> @yacosta738/codegauge@0.2.0 typecheck
> tsc --noEmit

=== npm tests ===

> @yacosta738/codegauge@0.2.0 test
> npm run build && node --test test/*.test.mjs


> @yacosta738/codegauge@0.2.0 build
> tsc --outDir dist --rootDir src

✔ wrapper source declares exact target resolution and passthrough contracts (13.641583ms)
✔ wrapper has no musl optional package (3.339ms)
✔ base package does not publish its internal preflight helper (14.859ms)
✔ wrapper reports a missing optional dependency without running another binary (50.536292ms)
✔ wrapper preserves arguments, inherited streams, and child exit status (541.88975ms)
✔ wrapper rejects a musl Linux runtime before optional dependency lookup (0.262041ms)
ℹ tests 6
ℹ suites 0
ℹ pass 6
ℹ fail 0
ℹ cancelled 0
ℹ skipped 0
ℹ todo 0
ℹ duration_ms 723.027625
EXIT_STATUS=0
