=== Python compile/package generator ===
=== static carrier/workflow diagnostics ===
RELEASE CARRIER STATIC TESTS: PASS
DISTRIBUTION CHECKS: PASS
BOOTSTRAP CHECKS: PASS
README CHECKS: PASS
=== actionlint ===
=== ShellCheck ===
=== Dockerfile check ===
#0 building with "pt-builder" instance using docker-container driver

#1 [internal] load build definition from Dockerfile
#1 transferring dockerfile: 1.30kB done
#1 DONE 0.0s

#2 resolve image config for docker-image://docker.io/docker/dockerfile:1.26
#2 DONE 1.3s

#3 docker-image://docker.io/docker/dockerfile:1.26@sha256:ecfaec9ed6d810b56388c508f4121597bfbba70d41a6dfeee4d8cad5f295fc32
#3 resolve docker.io/docker/dockerfile:1.26@sha256:ecfaec9ed6d810b56388c508f4121597bfbba70d41a6dfeee4d8cad5f295fc32 0.0s done
#3 CACHED

#4 [internal] load metadata for docker.io/library/alpine:3.24@sha256:28bd5fe8b56d1bd048e5babf5b10710ebe0bae67db86916198a6eec434943f8b
#4 DONE 0.5s

#5 [internal] load metadata for docker.io/library/rust:1.97.1-alpine@sha256:3c38f3f82c2f3d73da3b38e18d279393a04cb43ddded0e35088a8c3324d40900
#5 DONE 0.6s

#6 [internal] load .dockerignore
#6 transferring context: 194B done
#6 DONE 0.0s
Check complete, no warnings found.
=== whitespace ===
EXIT_STATUS=0
